⚠ [3067/3385] Replayed Erdos302.Certificate
warning: Erdos302/Certificate.lean:215:36: try 'simp' instead of 'simpa'

Note: This linter can be disabled with `set_option linter.unnecessarySimpa false`
warning: Erdos302/Certificate.lean:219:36: try 'simp' instead of 'simpa'

Note: This linter can be disabled with `set_option linter.unnecessarySimpa false`
warning: Erdos302/Certificate.lean:217:21: This simp argument is unused:
  h

Hint: Omit it from the simp argument list.
  simp [hsize, h̵,̵ ̵Ne.symm h]

Note: This linter can be disabled with `set_option linter.unusedSimpArgs false`
warning: Erdos302/Certificate.lean:309:4: This simp argument is unused:
  Function.comp_apply

Hint: Omit it from the simp argument list.
  simp [PackingCertificate.objectiveValue, PackingCertificate.objective, PackingCertificate.terms,
  ̲  ̲ ̲ ̲PackingTerm.configuration, R̵a̵w̵C̵o̵n̵f̵i̵g̵u̵r̵a̵t̵i̵o̵n̵.̵a̵s̵C̵o̵n̵f̵i̵g̵u̵r̵a̵t̵i̵o̵n̵,̵
  ̵ ̵ ̵ ̵ ̵F̵u̵n̵c̵t̵i̵o̵n̵.̵c̵o̵m̵p̵_̵a̵p̵p̵l̵y̵]̵R̲a̲w̲C̲o̲n̲f̲i̲g̲u̲r̲a̲t̲i̲o̲n̲.̲a̲s̲C̲o̲n̲f̲i̲g̲u̲r̲a̲t̲i̲o̲n̲]̲

Note: This linter can be disabled with `set_option linter.unusedSimpArgs false`
warning: Erdos302/Certificate.lean:358:17: try 'simp' instead of 'simpa'

Note: This linter can be disabled with `set_option linter.unnecessarySimpa false`
⚠ [3069/3385] Replayed Erdos302.CertificateNat
warning: Erdos302/CertificateNat.lean:74:29: This simp argument is unused:
  Function.comp_apply

Hint: Omit it from the simp argument list.
  simp only [List.map_map,̵ ̵F̵u̵n̵c̵t̵i̵o̵n̵.̵c̵o̵m̵p̵_̵a̵p̵p̵l̵y̵]

Note: This linter can be disabled with `set_option linter.unusedSimpArgs false`
warning: Erdos302/CertificateNat.lean:137:29: This simp argument is unused:
  Function.comp_apply

Hint: Omit it from the simp argument list.
  simp only [List.map_map,̵ ̵F̵u̵n̵c̵t̵i̵o̵n̵.̵c̵o̵m̵p̵_̵a̵p̵p̵l̵y̵]

Note: This linter can be disabled with `set_option linter.unusedSimpArgs false`
warning: Erdos302/CertificateNat.lean:209:29: This simp argument is unused:
  Function.comp_apply

Hint: Omit it from the simp argument list.
  simp only [List.map_map, F̵u̵n̵c̵t̵i̵o̵n̵.̵c̵o̵m̵p̵_̵a̵p̵p̵l̵y̵,̵ ̵PackingTerm.configuration, PackingTermNat.toPackingTerm,
  ̲  ̲ ̲ ̲ ̲ ̲PackingTerm.raw, RawConfiguration.asConfiguration, List.mem_toFinset]

Note: This linter can be disabled with `set_option linter.unusedSimpArgs false`
warning: Erdos302/CertificateNat.lean:210:6: This simp argument is unused:
  PackingTermNat.toPackingTerm

Hint: Omit it from the simp argument list.
  simp only [List.map_map, Function.comp_apply, PackingTerm.configuration, P̵a̵c̵k̵i̵n̵g̵T̵e̵r̵m̵N̵a̵t̵.̵t̵o̵P̵a̵c̵k̵i̵n̵g̵T̵e̵r̵m̵,̵ ̵PackingTerm.raw,
  ̲  ̲ ̲ ̲ ̲ ̲RawConfiguration.asConfiguration, List.mem_toFinset]

Note: This linter can be disabled with `set_option linter.unusedSimpArgs false`
warning: Erdos302/CertificateNat.lean:219:29: This simp argument is unused:
  Function.comp_apply

Hint: Omit it from the simp argument list.
  simp only [List.map_map, F̵u̵n̵c̵t̵i̵o̵n̵.̵c̵o̵m̵p̵_̵a̵p̵p̵l̵y̵,̵ ̵PackingTermNat.toPackingTerm, PackingTerm.raw,
  ̲  ̲ ̲ ̲ ̲ ̲RawConfiguration.asConfiguration]

Note: This linter can be disabled with `set_option linter.unusedSimpArgs false`
warning: Erdos302/CertificateNat.lean:219:50: This simp argument is unused:
  PackingTermNat.toPackingTerm

Hint: Omit it from the simp argument list.
  simp only [List.map_map, Function.comp_apply, P̵a̵c̵k̵i̵n̵g̵T̵e̵r̵m̵N̵a̵t̵.̵t̵o̵P̵a̵c̵k̵i̵n̵g̵T̵e̵r̵m̵,̵PackingTerm.raw, RawConfiguration.asConfiguration]

Note: This linter can be disabled with `set_option linter.unusedSimpArgs false`
warning: Erdos302/CertificateNat.lean:220:6: This simp argument is unused:
  PackingTerm.raw

Hint: Omit it from the simp argument list.
  simp only [List.map_map, Function.comp_apply, PackingTermNat.toPackingTerm,
        P̵a̵c̵k̵i̵n̵g̵T̵e̵r̵m̵.̵r̵a̵w̵,̵ ̵RawConfiguration.asConfiguration]

Note: This linter can be disabled with `set_option linter.unusedSimpArgs false`
warning: Erdos302/CertificateNat.lean:220:23: This simp argument is unused:
  RawConfiguration.asConfiguration

Hint: Omit it from the simp argument list.
  simp only [List.map_map, Function.comp_apply, PackingTermNat.toPackingTerm, P̵a̵c̵k̵i̵n̵g̵T̵e̵r̵m̵.̵r̵a̵w̵,̵ ̵R̵a̵w̵C̵o̵n̵f̵i̵g̵u̵r̵a̵t̵i̵o̵n̵.̵a̵s̵C̵o̵n̵f̵i̵g̵u̵r̵a̵t̵i̵o̵n̵]̵P̲a̲c̲k̲i̲n̲g̲T̲e̲r̲m̲.̲r̲a̲w̲]̲

Note: This linter can be disabled with `set_option linter.unusedSimpArgs false`
warning: Erdos302/CertificateNat.lean:340:36: try 'simp' instead of 'simpa'

Note: This linter can be disabled with `set_option linter.unnecessarySimpa false`
warning: Erdos302/CertificateNat.lean:344:36: try 'simp' instead of 'simpa'

Note: This linter can be disabled with `set_option linter.unnecessarySimpa false`
warning: Erdos302/CertificateNat.lean:342:21: This simp argument is unused:
  h

Hint: Omit it from the simp argument list.
  simp [hsize, h̵,̵ ̵Ne.symm h]

Note: This linter can be disabled with `set_option linter.unusedSimpArgs false`
warning: Erdos302/CertificateNat.lean:502:17: try 'simp' instead of 'simpa'

Note: This linter can be disabled with `set_option linter.unnecessarySimpa false`
warning: Erdos302/CertificateNat.lean:470:29: This simp argument is unused:
  Function.comp_apply

Hint: Omit it from the simp argument list.
  simp only [List.map_map, F̵u̵n̵c̵t̵i̵o̵n̵.̵c̵o̵m̵p̵_̵a̵p̵p̵l̵y̵,̵ ̵PackingTerm.configuration, PackingTermNat.toPackingTerm,
  ̲  ̲ ̲ ̲ ̲ ̲PackingTerm.raw, RawConfiguration.asConfiguration, List.mem_toFinset]

Note: This linter can be disabled with `set_option linter.unusedSimpArgs false`
warning: Erdos302/CertificateNat.lean:471:6: This simp argument is unused:
  PackingTermNat.toPackingTerm

Hint: Omit it from the simp argument list.
  simp only [List.map_map, Function.comp_apply, PackingTerm.configuration, P̵a̵c̵k̵i̵n̵g̵T̵e̵r̵m̵N̵a̵t̵.̵t̵o̵P̵a̵c̵k̵i̵n̵g̵T̵e̵r̵m̵,̵ ̵PackingTerm.raw,
  ̲  ̲ ̲ ̲ ̲ ̲RawConfiguration.asConfiguration, List.mem_toFinset]

Note: This linter can be disabled with `set_option linter.unusedSimpArgs false`
warning: Erdos302/CertificateNat.lean:513:29: This simp argument is unused:
  Function.comp_apply

Hint: Omit it from the simp argument list.
  simp only [List.map_map, F̵u̵n̵c̵t̵i̵o̵n̵.̵c̵o̵m̵p̵_̵a̵p̵p̵l̵y̵,̵ ̵PackingTermNat.toPackingTerm, PackingTerm.raw, PackingTermNat.weight]

Note: This linter can be disabled with `set_option linter.unusedSimpArgs false`
warning: Erdos302/CertificateNat.lean:513:50: This simp argument is unused:
  PackingTermNat.toPackingTerm

Hint: Omit it from the simp argument list.
  simp only [List.map_map, Function.comp_apply, P̵a̵c̵k̵i̵n̵g̵T̵e̵r̵m̵N̵a̵t̵.̵t̵o̵P̵a̵c̵k̵i̵n̵g̵T̵e̵r̵m̵,̵PackingTerm.raw, PackingTermNat.weight]

Note: This linter can be disabled with `set_option linter.unusedSimpArgs false`
warning: Erdos302/CertificateNat.lean:514:6: This simp argument is unused:
  PackingTerm.raw

Hint: Omit it from the simp argument list.
  simp only [List.map_map, Function.comp_apply, PackingTermNat.toPackingTerm,
        PackingTerm.̵r̵a̵w̵,̵ ̵P̵a̵c̵k̵i̵n̵g̵T̵e̵r̵m̵Nat.weight]

Note: This linter can be disabled with `set_option linter.unusedSimpArgs false`
warning: Erdos302/CertificateNat.lean:514:23: This simp argument is unused:
  PackingTermNat.weight

Hint: Omit it from the simp argument list.
  simp only [List.map_map, Function.comp_apply, PackingTermNat.toPackingTerm, P̵a̵c̵k̵i̵n̵g̵T̵e̵r̵m̵.̵r̵a̵w̵,̵ ̵P̵a̵c̵k̵i̵n̵g̵T̵e̵r̵m̵N̵a̵t̵.̵w̵e̵i̵g̵h̵t̵]̵P̲a̲c̲k̲i̲n̲g̲T̲e̲r̲m̲.̲r̲a̲w̲]̲

Note: This linter can be disabled with `set_option linter.unusedSimpArgs false`
✔ [3442/3442] Built Erdos302.Generated.PackingCertificateNatMutations (4.6s)
Build completed successfully (3442 jobs).
